
Discarded input sections

 .text          0x00000000        0x0 ..\obj\startup_stm32f10x_md_vl.o
 .data          0x00000000        0x0 ..\obj\startup_stm32f10x_md_vl.o
 .bss           0x00000000        0x0 ..\obj\startup_stm32f10x_md_vl.o
 .text          0x00000000        0x0 ..\obj\core_cm3.o
 .data          0x00000000        0x0 ..\obj\core_cm3.o
 .bss           0x00000000        0x0 ..\obj\core_cm3.o
 .text.__get_PSP
                0x00000000       0x10 ..\obj\core_cm3.o
 .text.__set_PSP
                0x00000000        0x8 ..\obj\core_cm3.o
 .text.__get_MSP
                0x00000000       0x10 ..\obj\core_cm3.o
 .text.__set_MSP
                0x00000000        0x8 ..\obj\core_cm3.o
 .text.__get_BASEPRI
                0x00000000       0x20 ..\obj\core_cm3.o
 .text.__set_BASEPRI
                0x00000000       0x18 ..\obj\core_cm3.o
 .text.__get_PRIMASK
                0x00000000       0x20 ..\obj\core_cm3.o
 .text.__set_PRIMASK
                0x00000000       0x18 ..\obj\core_cm3.o
 .text.__get_FAULTMASK
                0x00000000       0x20 ..\obj\core_cm3.o
 .text.__set_FAULTMASK
                0x00000000       0x18 ..\obj\core_cm3.o
 .text.__get_CONTROL
                0x00000000       0x20 ..\obj\core_cm3.o
 .text.__set_CONTROL
                0x00000000       0x18 ..\obj\core_cm3.o
 .text.__REV    0x00000000       0x24 ..\obj\core_cm3.o
 .text.__REV16  0x00000000       0x24 ..\obj\core_cm3.o
 .text.__REVSH  0x00000000       0x24 ..\obj\core_cm3.o
 .text.__RBIT   0x00000000       0x24 ..\obj\core_cm3.o
 .text.__LDREXB
                0x00000000       0x24 ..\obj\core_cm3.o
 .text.__LDREXH
                0x00000000       0x24 ..\obj\core_cm3.o
 .text.__LDREXW
                0x00000000       0x24 ..\obj\core_cm3.o
 .text.__STREXB
                0x00000000       0x2c ..\obj\core_cm3.o
 .text.__STREXH
                0x00000000       0x2c ..\obj\core_cm3.o
 .text.__STREXW
                0x00000000       0x28 ..\obj\core_cm3.o
 .debug_info    0x00000000      0x55e ..\obj\core_cm3.o
 .debug_abbrev  0x00000000       0xe4 ..\obj\core_cm3.o
 .debug_loc     0x00000000      0x3f0 ..\obj\core_cm3.o
 .debug_aranges
                0x00000000       0xc8 ..\obj\core_cm3.o
 .debug_ranges  0x00000000       0xb8 ..\obj\core_cm3.o
 .debug_line    0x00000000      0x288 ..\obj\core_cm3.o
 .debug_str     0x00000000      0x25e ..\obj\core_cm3.o
 .comment       0x00000000       0x71 ..\obj\core_cm3.o
 .ARM.attributes
                0x00000000       0x33 ..\obj\core_cm3.o
 .debug_frame   0x00000000      0x280 ..\obj\core_cm3.o
 .text          0x00000000        0x0 ..\obj\system_stm32f10x.o
 .data          0x00000000       0x14 ..\obj\system_stm32f10x.o
 .bss           0x00000000        0x0 ..\obj\system_stm32f10x.o
 .text.SystemCoreClockUpdate
                0x00000000      0x13c ..\obj\system_stm32f10x.o
 .text          0x00000000        0x0 ..\obj\stm32f10x_gpio.o
 .data          0x00000000        0x0 ..\obj\stm32f10x_gpio.o
 .bss           0x00000000        0x0 ..\obj\stm32f10x_gpio.o
 .text.GPIO_DeInit
                0x00000000      0x198 ..\obj\stm32f10x_gpio.o
 .text.GPIO_AFIODeInit
                0x00000000       0x20 ..\obj\stm32f10x_gpio.o
 .text.GPIO_ReadInputDataBit
                0x00000000      0x12c ..\obj\stm32f10x_gpio.o
 .text.GPIO_ReadInputData
                0x00000000       0x8c ..\obj\stm32f10x_gpio.o
 .text.GPIO_ReadOutputDataBit
                0x00000000      0x12c ..\obj\stm32f10x_gpio.o
 .text.GPIO_ReadOutputData
                0x00000000       0x8c ..\obj\stm32f10x_gpio.o
 .text.GPIO_SetBits
                0x00000000       0xa0 ..\obj\stm32f10x_gpio.o
 .text.GPIO_ResetBits
                0x00000000       0xa0 ..\obj\stm32f10x_gpio.o
 .text.GPIO_Write
                0x00000000       0x8c ..\obj\stm32f10x_gpio.o
 .text.GPIO_PinLockConfig
                0x00000000       0xc4 ..\obj\stm32f10x_gpio.o
 .text.GPIO_EventOutputConfig
                0x00000000       0xf0 ..\obj\stm32f10x_gpio.o
 .text.GPIO_EventOutputCmd
                0x00000000       0x3c ..\obj\stm32f10x_gpio.o
 .text.GPIO_PinRemapConfig
                0x00000000      0x3a0 ..\obj\stm32f10x_gpio.o
 .text.GPIO_EXTILineConfig
                0x00000000      0x158 ..\obj\stm32f10x_gpio.o
 .text.GPIO_ETH_MediaInterfaceConfig
                0x00000000       0x38 ..\obj\stm32f10x_gpio.o
 .text          0x00000000        0x0 ..\obj\main.o
 .data          0x00000000        0x0 ..\obj\main.o
 .bss           0x00000000        0x0 ..\obj\main.o
 .text          0x00000000        0x0 ..\obj\stm32f10x_rcc.o
 .data          0x00000000       0x14 ..\obj\stm32f10x_rcc.o
 .bss           0x00000000        0x0 ..\obj\stm32f10x_rcc.o
 .text.RCC_DeInit
                0x00000000       0xa8 ..\obj\stm32f10x_rcc.o
 .text.RCC_HSEConfig
                0x00000000       0xac ..\obj\stm32f10x_rcc.o
 .text.RCC_WaitForHSEStartUp
                0x00000000       0x64 ..\obj\stm32f10x_rcc.o
 .text.RCC_AdjustHSICalibrationValue
                0x00000000       0x58 ..\obj\stm32f10x_rcc.o
 .text.RCC_HSICmd
                0x00000000       0x3c ..\obj\stm32f10x_rcc.o
 .text.RCC_PLLConfig
                0x00000000       0xe8 ..\obj\stm32f10x_rcc.o
 .text.RCC_PLLCmd
                0x00000000       0x3c ..\obj\stm32f10x_rcc.o
 .text.RCC_PREDIV1Config
                0x00000000       0xcc ..\obj\stm32f10x_rcc.o
 .text.RCC_SYSCLKConfig
                0x00000000       0x60 ..\obj\stm32f10x_rcc.o
 .text.RCC_GetSYSCLKSource
                0x00000000       0x20 ..\obj\stm32f10x_rcc.o
 .text.RCC_HCLKConfig
                0x00000000       0x84 ..\obj\stm32f10x_rcc.o
 .text.RCC_PCLK1Config
                0x00000000       0x74 ..\obj\stm32f10x_rcc.o
 .text.RCC_PCLK2Config
                0x00000000       0x78 ..\obj\stm32f10x_rcc.o
 .text.RCC_ITConfig
                0x00000000       0x98 ..\obj\stm32f10x_rcc.o
 .text.RCC_USBCLKConfig
                0x00000000       0x38 ..\obj\stm32f10x_rcc.o
 .text.RCC_ADCCLKConfig
                0x00000000       0x6c ..\obj\stm32f10x_rcc.o
 .text.RCC_LSEConfig
                0x00000000       0x80 ..\obj\stm32f10x_rcc.o
 .text.RCC_LSICmd
                0x00000000       0x3c ..\obj\stm32f10x_rcc.o
 .text.RCC_RTCCLKConfig
                0x00000000       0x50 ..\obj\stm32f10x_rcc.o
 .text.RCC_RTCCLKCmd
                0x00000000       0x3c ..\obj\stm32f10x_rcc.o
 .text.RCC_GetClocksFreq
                0x00000000      0x1cc ..\obj\stm32f10x_rcc.o
 .text.RCC_AHBPeriphClockCmd
                0x00000000       0x90 ..\obj\stm32f10x_rcc.o
 .text.RCC_APB1PeriphClockCmd
                0x00000000       0x94 ..\obj\stm32f10x_rcc.o
 .text.RCC_APB2PeriphResetCmd
                0x00000000       0x94 ..\obj\stm32f10x_rcc.o
 .text.RCC_APB1PeriphResetCmd
                0x00000000       0x94 ..\obj\stm32f10x_rcc.o
 .text.RCC_BackupResetCmd
                0x00000000       0x3c ..\obj\stm32f10x_rcc.o
 .text.RCC_ClockSecuritySystemCmd
                0x00000000       0x3c ..\obj\stm32f10x_rcc.o
 .text.RCC_MCOConfig
                0x00000000       0x4c ..\obj\stm32f10x_rcc.o
 .text.RCC_GetFlagStatus
                0x00000000       0xe0 ..\obj\stm32f10x_rcc.o
 .text.RCC_ClearFlag
                0x00000000       0x24 ..\obj\stm32f10x_rcc.o
 .text.RCC_GetITStatus
                0x00000000       0x70 ..\obj\stm32f10x_rcc.o
 .text.RCC_ClearITPendingBit
                0x00000000       0x40 ..\obj\stm32f10x_rcc.o

Memory Configuration

Name             Origin             Length             Attributes
rom              0x08000000         0x00020000         xr
ram              0x20000000         0x00002000         xrw
*default*        0x00000000         0xffffffff

Linker script and memory map

                0x20002000                _eram = 0x20002000

.text           0x08000000      0x9e0
 *(.isr_vector .isr_vector.*)
 .isr_vector    0x08000000      0x124 ..\obj\startup_stm32f10x_md_vl.o
                0x08000000                g_pfnVectors
 *(.text .text.* .gnu.linkonce.t.*)
 .text.Default_Reset_Handler
                0x08000124       0x70 ..\obj\startup_stm32f10x_md_vl.o
                0x08000124                Default_Reset_Handler
                0x08000124                Reset_Handler
 .text.Default_Handler
                0x08000194        0x8 ..\obj\startup_stm32f10x_md_vl.o
                0x08000194                EXTI2_IRQHandler
                0x08000194                DebugMon_Handler
                0x08000194                TIM1_CC_IRQHandler
                0x08000194                HardFault_Handler
                0x08000194                SysTick_Handler
                0x08000194                PVD_IRQHandler
                0x08000194                PendSV_Handler
                0x08000194                NMI_Handler
                0x08000194                EXTI3_IRQHandler
                0x08000194                EXTI0_IRQHandler
                0x08000194                I2C2_EV_IRQHandler
                0x08000194                TIM1_UP_TIM16_IRQHandler
                0x08000194                UsageFault_Handler
                0x08000194                SPI1_IRQHandler
                0x08000194                TAMPER_IRQHandler
                0x08000194                TIM6_DAC_IRQHandler
                0x08000194                DMA1_Channel4_IRQHandler
                0x08000194                ADC1_IRQHandler
                0x08000194                USART3_IRQHandler
                0x08000194                RTC_IRQHandler
                0x08000194                DMA1_Channel7_IRQHandler
                0x08000194                TIM4_IRQHandler
                0x08000194                I2C1_EV_IRQHandler
                0x08000194                DMA1_Channel6_IRQHandler
                0x08000194                TIM3_IRQHandler
                0x08000194                RCC_IRQHandler
                0x08000194                DMA1_Channel1_IRQHandler
                0x08000194                CEC_IRQHandler
                0x08000194                EXTI15_10_IRQHandler
                0x08000194                TIM7_IRQHandler
                0x08000194                EXTI9_5_IRQHandler
                0x08000194                SPI2_IRQHandler
                0x08000194                MemManage_Handler
                0x08000194                SVC_Handler
                0x08000194                DMA1_Channel5_IRQHandler
                0x08000194                EXTI4_IRQHandler
                0x08000194                TIM1_TRG_COM_TIM17_IRQHandler
                0x08000194                DMA1_Channel3_IRQHandler
                0x08000194                WWDG_IRQHandler
                0x08000194                TIM2_IRQHandler
                0x08000194                EXTI1_IRQHandler
                0x08000194                RTCAlarm_IRQHandler
                0x08000194                USART2_IRQHandler
                0x08000194                I2C2_ER_IRQHandler
                0x08000194                DMA1_Channel2_IRQHandler
                0x08000194                FLASH_IRQHandler
                0x08000194                BusFault_Handler
                0x08000194                USART1_IRQHandler
                0x08000194                I2C1_ER_IRQHandler
                0x08000194                TIM1_BRK_TIM15_IRQHandler
 .text.SystemInit
                0x0800019c       0xb8 ..\obj\system_stm32f10x.o
                0x0800019c                SystemInit
 .text.SetSysClock
                0x08000254        0xc ..\obj\system_stm32f10x.o
 .text.SetSysClockTo24
                0x08000260      0x15c ..\obj\system_stm32f10x.o
 .text.GPIO_Init
                0x080003bc      0x2ac ..\obj\stm32f10x_gpio.o
                0x080003bc                GPIO_Init
 .text.GPIO_StructInit
                0x08000668       0x2c ..\obj\stm32f10x_gpio.o
                0x08000668                GPIO_StructInit
 .text.GPIO_WriteBit
                0x08000694      0x13c ..\obj\stm32f10x_gpio.o
                0x08000694                GPIO_WriteBit
 .text.main     0x080007d0       0x7c ..\obj\main.o
                0x080007d0                main
 .text.delay_ms
                0x0800084c       0x34 ..\obj\main.o
                0x0800084c                delay_ms
 .text.beat     0x08000880       0xcc ..\obj\main.o
                0x08000880                beat
 .text.RCC_APB2PeriphClockCmd
                0x0800094c       0x94 ..\obj\stm32f10x_rcc.o
                0x0800094c                RCC_APB2PeriphClockCmd
 *(.glue_7t)
 .glue_7t       0x00000000        0x0 linker stubs
 *(.glue_7)
 .glue_7        0x00000000        0x0 linker stubs
 *(.rodata .rodata* .gnu.linkonce.r.*)

.vfp11_veneer   0x080009e0        0x0
 .vfp11_veneer  0x00000000        0x0 linker stubs

.v4_bx          0x080009e0        0x0
 .v4_bx         0x00000000        0x0 linker stubs

.iplt           0x080009e0        0x0
 .iplt          0x00000000        0x0 ..\obj\startup_stm32f10x_md_vl.o

.rel.dyn        0x080009e0        0x0
 .rel.iplt      0x00000000        0x0 ..\obj\startup_stm32f10x_md_vl.o

.ARM.extab
 *(.ARM.extab* .gnu.linkonce.armextab.*)
                0x080009e0                __exidx_start = .

.ARM.exidx
 *(.ARM.exidx* .gnu.linkonce.armexidx.*)
                0x080009e0                __exidx_end = .
                0x080009e0                . = ALIGN (0x4)
                0x080009e0                _etext = .
                0x080009e0                _sidata = .

.data           0x20000000        0x0 load address 0x080009e0
                0x20000000                _sdata = .
 *(.data .data.*)
                0x20000000                . = ALIGN (0x4)
                0x20000000                _edata = .

.igot.plt       0x20000000        0x0
 .igot.plt      0x00000000        0x0 ..\obj\startup_stm32f10x_md_vl.o

.bss            0x20000000        0x0
                0x20000000                _sbss = .
 *(.bss .bss.*)
 *(COMMON)
                0x20000000                . = ALIGN (0x4)
                0x20000000                _ebss = .

.co_stack       0x20000000      0x400
                0x20000000                . = ALIGN (0x8)
 *(.co_stack .co_stack.*)
 .co_stack      0x20000000      0x400 ..\obj\startup_stm32f10x_md_vl.o
                0x20000000                pulStack
                0x20000400                . = ALIGN (0x4)
                0x20000400                _end = .
LOAD ..\obj\startup_stm32f10x_md_vl.o
LOAD ..\obj\core_cm3.o
LOAD ..\obj\system_stm32f10x.o
LOAD ..\obj\stm32f10x_gpio.o
LOAD ..\obj\main.o
LOAD ..\obj\stm32f10x_rcc.o
START GROUP
LOAD c:/program files (x86)/gnu tools arm embedded/4.7 2012q4/bin/../lib/gcc/arm-none-eabi/4.7.3/armv7-m\libgcc.a
LOAD c:/program files (x86)/gnu tools arm embedded/4.7 2012q4/bin/../lib/gcc/arm-none-eabi/4.7.3/../../../../arm-none-eabi/lib/armv7-m\libg.a
LOAD c:/program files (x86)/gnu tools arm embedded/4.7 2012q4/bin/../lib/gcc/arm-none-eabi/4.7.3/../../../../arm-none-eabi/lib/armv7-m\libc.a
END GROUP
OUTPUT(jdavies11252206.elf elf32-littlearm)

.debug_info     0x00000000     0x1b3a
 .debug_info    0x00000000       0xff ..\obj\startup_stm32f10x_md_vl.o
 .debug_info    0x000000ff      0x40c ..\obj\system_stm32f10x.o
 .debug_info    0x0000050b      0x82a ..\obj\stm32f10x_gpio.o
 .debug_info    0x00000d35      0x2b5 ..\obj\main.o
 .debug_info    0x00000fea      0xb50 ..\obj\stm32f10x_rcc.o

.debug_abbrev   0x00000000      0x71a
 .debug_abbrev  0x00000000       0xa9 ..\obj\startup_stm32f10x_md_vl.o
 .debug_abbrev  0x000000a9      0x179 ..\obj\system_stm32f10x.o
 .debug_abbrev  0x00000222      0x1e0 ..\obj\stm32f10x_gpio.o
 .debug_abbrev  0x00000402      0x148 ..\obj\main.o
 .debug_abbrev  0x0000054a      0x1d0 ..\obj\stm32f10x_rcc.o

.debug_loc      0x00000000      0xccc
 .debug_loc     0x00000000       0x64 ..\obj\startup_stm32f10x_md_vl.o
 .debug_loc     0x00000064       0xc8 ..\obj\system_stm32f10x.o
 .debug_loc     0x0000012c      0x3e4 ..\obj\stm32f10x_gpio.o
 .debug_loc     0x00000510       0xa8 ..\obj\main.o
 .debug_loc     0x000005b8      0x714 ..\obj\stm32f10x_rcc.o

.debug_aranges  0x00000000      0x258
 .debug_aranges
                0x00000000       0x28 ..\obj\startup_stm32f10x_md_vl.o
 .debug_aranges
                0x00000028       0x38 ..\obj\system_stm32f10x.o
 .debug_aranges
                0x00000060       0xa8 ..\obj\stm32f10x_gpio.o
 .debug_aranges
                0x00000108       0x30 ..\obj\main.o
 .debug_aranges
                0x00000138      0x120 ..\obj\stm32f10x_rcc.o

.debug_ranges   0x00000000      0x208
 .debug_ranges  0x00000000       0x18 ..\obj\startup_stm32f10x_md_vl.o
 .debug_ranges  0x00000018       0x28 ..\obj\system_stm32f10x.o
 .debug_ranges  0x00000040       0x98 ..\obj\stm32f10x_gpio.o
 .debug_ranges  0x000000d8       0x20 ..\obj\main.o
 .debug_ranges  0x000000f8      0x110 ..\obj\stm32f10x_rcc.o

.debug_line     0x00000000     0x17f5
 .debug_line    0x00000000       0x9d ..\obj\startup_stm32f10x_md_vl.o
 .debug_line    0x0000009d      0x1c5 ..\obj\system_stm32f10x.o
 .debug_line    0x00000262      0x9e4 ..\obj\stm32f10x_gpio.o
 .debug_line    0x00000c46      0x1d9 ..\obj\main.o
 .debug_line    0x00000e1f      0x9d6 ..\obj\stm32f10x_rcc.o

.debug_str      0x00000000      0xafd
 .debug_str     0x00000000       0xfd ..\obj\startup_stm32f10x_md_vl.o
                                0x10f (size before relaxing)
 .debug_str     0x000000fd      0x1d5 ..\obj\system_stm32f10x.o
                                0x26f (size before relaxing)
 .debug_str     0x000002d2      0x3ba ..\obj\stm32f10x_gpio.o
                                0x4c1 (size before relaxing)
 .debug_str     0x0000068c       0x5c ..\obj\main.o
                                0x28f (size before relaxing)
 .debug_str     0x000006e8      0x415 ..\obj\stm32f10x_rcc.o
                                0x615 (size before relaxing)

.comment        0x00000000       0x70
 .comment       0x00000000       0x70 ..\obj\startup_stm32f10x_md_vl.o
                                 0x71 (size before relaxing)
 .comment       0x00000000       0x71 ..\obj\system_stm32f10x.o
 .comment       0x00000000       0x71 ..\obj\stm32f10x_gpio.o
 .comment       0x00000000       0x71 ..\obj\main.o
 .comment       0x00000000       0x71 ..\obj\stm32f10x_rcc.o

.ARM.attributes
                0x00000000       0x33
 .ARM.attributes
                0x00000000       0x33 ..\obj\startup_stm32f10x_md_vl.o
 .ARM.attributes
                0x00000033       0x33 ..\obj\system_stm32f10x.o
 .ARM.attributes
                0x00000066       0x33 ..\obj\stm32f10x_gpio.o
 .ARM.attributes
                0x00000099       0x33 ..\obj\main.o
 .ARM.attributes
                0x000000cc       0x33 ..\obj\stm32f10x_rcc.o

.debug_frame    0x00000000      0x794
 .debug_frame   0x00000000       0x48 ..\obj\startup_stm32f10x_md_vl.o
 .debug_frame   0x00000048       0x80 ..\obj\system_stm32f10x.o
 .debug_frame   0x000000c8      0x248 ..\obj\stm32f10x_gpio.o
 .debug_frame   0x00000310       0x70 ..\obj\main.o
 .debug_frame   0x00000380      0x414 ..\obj\stm32f10x_rcc.o
